{
  "origin": "https://samarket.vercel.app",
  "storeId": "19085860-52d2-4183-b033-e71fcb58bcec",
  "qaName": "QA StoreOS mtopuxdl",
  "productId": "306f4dab-442e-42fe-bb17-0ca2269e2012",
  "storeSlug": "aa11",
  "steps": {
    "apiPosts": [
      {
        "url": "https://samarket.vercel.app/api/me/stores/19085860-52d2-4183-b033-e71fcb58bcec/products",
        "status": 200,
        "body": "{\"ok\":true,\"product\":{\"id\":\"306f4dab-442e-42fe-bb17-0ca2269e2012\"}}"
      }
    ],
    "create": {
      "status": "PASS",
      "url": "https://samarket.vercel.app/stores/owner/products?storeId=19085860-52d2-4183-b033-e71fcb58bcec",
      "listed": 1
    },
    "dbCreate": {
      "status": "PASS",
      "productId": "306f4dab-442e-42fe-bb17-0ca2269e2012"
    },
    "forceActive": {
      "status": "PASS_API",
      "before": "hidden"
    },
    "storeVisibilityOn": {
      "status": "PASS_API"
    },
    "buyerCreate": {
      "status": "PASS",
      "url": "https://samarket.vercel.app/stores/aa11",
      "productStatus": "active",
      "bodyHasName": true
    },
    "edit": {
      "status": "PASS",
      "editedName": "QA StoreOS mtopuxdl EDIT"
    },
    "soldOut": {
      "status": "PASS"
    },
    "buyerSoldOut": {
      "status": "PASS",
      "nameShown": false,
      "soldCue": false
    },
    "cleanup": {
      "status": "PASS"
    },
    "storeVisibilityRestore": {
      "status": "PASS"
    }
  },
  "final": "PASS",
  "qaNameEdited": "QA StoreOS mtopuxdl EDIT"
}
