{
  "captured_at": "2026-05-17T15:33:40.940Z",
  "origin": "http://localhost:3000",
  "owner": "aa11",
  "buyer": "aaaa",
  "store_name": "나의 오른손딸방",
  "store_id": "19085860-52d2-4183-b033-e71fcb58bcec",
  "order_id": "64ac05a9-a60c-413b-8130-1c48977fdb80",
  "order_created_at": "2026-05-17T15:33:50.333Z",
  "delivery_patches": [
    {
      "kind": "order_status",
      "status": "accepted",
      "list_fetches_delta": 0
    },
    {
      "kind": "order_status",
      "status": "preparing",
      "list_fetches_delta": 0
    },
    {
      "kind": "order_status",
      "status": "ready_for_pickup",
      "list_fetches_delta": 0
    },
    {
      "kind": "order_status",
      "status": "delivering",
      "list_fetches_delta": 0
    },
    {
      "kind": "delivery_status",
      "status": "rider_assigned",
      "ok": true,
      "list_fetches_delta": 0
    },
    {
      "kind": "delivery_status",
      "status": "pickup_in_progress",
      "ok": true,
      "list_fetches_delta": 0
    },
    {
      "kind": "delivery_status",
      "status": "delivering",
      "ok": true,
      "list_fetches_delta": 0
    },
    {
      "kind": "delivery_status",
      "status": "delivered",
      "ok": true,
      "list_fetches_delta": 0
    }
  ],
  "errors": [],
  "order_list_fetch_timeline": [
    {
      "at": 1779032023619,
      "url": "http://localhost:3000/api/me/stores/19085860-52d2-4183-b033-e71fcb58bcec/orders"
    }
  ],
  "dibay_counts": {
    "full_reload": 1,
    "listener_attach": 2,
    "realtime_event": 5,
    "row_patch_insert": 1,
    "full_reload_blocked": 5,
    "row_patch_update": 4,
    "delivery_realtime_event": 5,
    "delivery_row_patch_insert": 1,
    "delivery_full_reload_blocked": 5,
    "delivery_row_patch_update": 4,
    "poll_fetch": 1
  },
  "dibay_events": [
    {
      "kind": "full_reload"
    },
    {
      "kind": "listener_attach"
    },
    {
      "kind": "listener_attach"
    },
    {
      "kind": "realtime_event"
    },
    {
      "kind": "row_patch_insert"
    },
    {
      "kind": "full_reload_blocked"
    },
    {
      "kind": "realtime_event"
    },
    {
      "kind": "row_patch_update"
    },
    {
      "kind": "full_reload_blocked"
    },
    {
      "kind": "realtime_event"
    },
    {
      "kind": "row_patch_update"
    },
    {
      "kind": "full_reload_blocked"
    },
    {
      "kind": "realtime_event"
    },
    {
      "kind": "row_patch_update"
    },
    {
      "kind": "full_reload_blocked"
    },
    {
      "kind": "realtime_event"
    },
    {
      "kind": "row_patch_update"
    },
    {
      "kind": "full_reload_blocked"
    },
    {
      "kind": "delivery_realtime_event"
    },
    {
      "kind": "delivery_realtime_event"
    },
    {
      "kind": "delivery_row_patch_insert"
    },
    {
      "kind": "delivery_full_reload_blocked"
    },
    {
      "kind": "delivery_row_patch_update"
    },
    {
      "kind": "delivery_full_reload_blocked"
    },
    {
      "kind": "delivery_realtime_event"
    },
    {
      "kind": "delivery_row_patch_update"
    },
    {
      "kind": "delivery_full_reload_blocked"
    },
    {
      "kind": "delivery_realtime_event"
    },
    {
      "kind": "delivery_row_patch_update"
    },
    {
      "kind": "delivery_full_reload_blocked"
    },
    {
      "kind": "delivery_realtime_event"
    },
    {
      "kind": "delivery_row_patch_update"
    },
    {
      "kind": "delivery_full_reload_blocked"
    },
    {
      "kind": "poll_fetch"
    }
  ],
  "list_fetches_after_order_create": 0,
  "timeline": [
    {
      "step": "owner_login",
      "at": 1779032020940
    },
    {
      "step": "owner_dashboard_ready",
      "at": 1779032024743
    },
    {
      "step": "buyer_create_order",
      "at": 1779032027317
    },
    {
      "step": "order_status_accepted",
      "at": 1779032036338
    },
    {
      "step": "order_status_preparing",
      "at": 1779032040362
    },
    {
      "step": "order_status_ready_for_pickup",
      "at": 1779032044262
    },
    {
      "step": "order_status_delivering",
      "at": 1779032048158
    },
    {
      "step": "delivery_rider_assigned",
      "at": 1779032052190
    },
    {
      "step": "delivery_pickup_in_progress",
      "at": 1779032055790
    },
    {
      "step": "delivery_delivering",
      "at": 1779032059649
    },
    {
      "step": "delivery_delivered",
      "at": 1779032063468
    }
  ],
  "verdict": "PASS",
  "checks": {
    "hasOrderPatch": true,
    "hasDeliveryPatch": true,
    "badReload": false,
    "rtListFetchOnEvent": false,
    "listener_attach": true
  }
}
