[routing-qa] A=8b37179f7d94 B=RRGL4046NTW
[routing-qa] gateMode=p0 scenarios=voice_fsi_button_accept,voice_foreground_button_accept,video_fsi_button_accept,video_foreground_button_accept

[routing-qa] === voice_fsi_button_accept ===
[routing-qa] A A before login probe={"ok":true,"userId":"11111111-1111-1111-1111-111111111111","username":"aaaa"}
[routing-qa] B B before login probe={"ok":true,"userId":"9259ab7d-ae5f-4d4a-819a-8d5bd568ecf8","username":"qqqq"}
[routing-qa] dial callId=72602426-e442-4b9b-8ad1-0173bfcc567c
[routing-qa] [P0] voice_fsi_button_accept => PASS 

[routing-qa] === voice_foreground_button_accept ===
[routing-qa] A A before login probe={"ok":true,"userId":"11111111-1111-1111-1111-111111111111","username":"aaaa"}
[routing-qa] B B before login probe={"ok":true,"userId":"9259ab7d-ae5f-4d4a-819a-8d5bd568ecf8","username":"qqqq"}
[routing-qa] dial callId=d5eb63f0-eca7-41f0-90f2-03f2bf921ced
[routing-qa] [P0] voice_foreground_button_accept => PASS 

[routing-qa] === video_fsi_button_accept ===
[routing-qa] A A before login probe={"ok":true,"userId":"11111111-1111-1111-1111-111111111111","username":"aaaa"}
[routing-qa] B B before login probe={"ok":true,"userId":"9259ab7d-ae5f-4d4a-819a-8d5bd568ecf8","username":"qqqq"}
[routing-qa] dial callId=17137e16-0d9a-47a3-a41b-a58e5bd65b44
[routing-qa] [P0] video_fsi_button_accept => PASS 

[routing-qa] === video_foreground_button_accept ===
[routing-qa] A A before login probe={"ok":true,"userId":"11111111-1111-1111-1111-111111111111","username":"aaaa"}
[routing-qa] B B before login probe={"ok":true,"userId":"9259ab7d-ae5f-4d4a-819a-8d5bd568ecf8","username":"qqqq"}
[routing-qa] dial callId=6df9f0d1-52b5-4683-ba20-e6a4205fdc3c
[routing-qa] [P0] video_foreground_button_accept => PASS 
[routing-qa] gatePass=true p0=4/4 reference=0/0
{
  "at": "2026-06-28T08:19:17.414Z",
  "gate": "release2_final_native_incoming_accept",
  "qaStandard": "telegram_aligned_activity_accept",
  "serialA": "8b37179f7d94",
  "serialB": "RRGL4046NTW",
  "runtimeDiffZero": true,
  "gateMode": "p0",
  "p0AllPass": true,
  "gatePass": true,
  "referenceAllPass": null,
  "allScenariosPass": true,
  "p0Results": [
    {
      "scenario": "voice_fsi_button_accept",
      "tier": "p0",
      "label": "Voice FSI → Activity Accept → Connected",
      "blocksGate": true,
      "media": "voice",
      "path": "fsi_button",
      "callId": "72602426-e442-4b9b-8ad1-0173bfcc567c",
      "dial": {
        "ok": true,
        "callId": "72602426-e442-4b9b-8ad1-0173bfcc567c",
        "status": 200
      },
      "acceptAction": {
        "ok": true,
        "x": 698,
        "y": 2182
      },
      "connected": true,
      "pass": true,
      "firstFail": null,
      "counts": {
        "incoming_activity_shown": 1,
        "activity_notification_accept": 0,
        "accept_tapped": 1,
        "state_connected": 1
      },
      "order": [
        {
          "marker": "incoming_activity_shown",
          "idx": 14
        },
        {
          "marker": "activity_notification_accept",
          "idx": -1
        },
        {
          "marker": "accept_tapped",
          "idx": 23
        },
        {
          "marker": "state_connected",
          "idx": 40
        }
      ],
      "grace": {
        "pass": true,
        "firstFail": null,
        "graceScheduled": 1,
        "graceElapsed": 1,
        "graceSkipped": 0,
        "suppressGapMs": 1488
      }
    },
    {
      "scenario": "voice_foreground_button_accept",
      "tier": "p0",
      "label": "Voice Foreground → Activity Accept → Connected",
      "blocksGate": true,
      "media": "voice",
      "path": "foreground_button",
      "callId": "d5eb63f0-eca7-41f0-90f2-03f2bf921ced",
      "dial": {
        "ok": true,
        "callId": "d5eb63f0-eca7-41f0-90f2-03f2bf921ced",
        "status": 200
      },
      "acceptAction": {
        "ok": true,
        "x": 698,
        "y": 2182
      },
      "connected": true,
      "pass": true,
      "firstFail": null,
      "counts": {
        "incoming_activity_shown": 1,
        "activity_notification_accept": 0,
        "accept_tapped": 1,
        "state_connected": 1
      },
      "order": [
        {
          "marker": "incoming_activity_shown",
          "idx": 14
        },
        {
          "marker": "activity_notification_accept",
          "idx": -1
        },
        {
          "marker": "accept_tapped",
          "idx": 23
        },
        {
          "marker": "state_connected",
          "idx": 40
        }
      ],
      "grace": {
        "pass": true,
        "firstFail": null,
        "graceScheduled": 1,
        "graceElapsed": 1,
        "graceSkipped": 0,
        "suppressGapMs": 1519
      }
    },
    {
      "scenario": "video_fsi_button_accept",
      "tier": "p0",
      "label": "Video FSI → Activity Accept → Connected",
      "blocksGate": true,
      "media": "video",
      "path": "fsi_button",
      "callId": "17137e16-0d9a-47a3-a41b-a58e5bd65b44",
      "dial": {
        "ok": true,
        "callId": "17137e16-0d9a-47a3-a41b-a58e5bd65b44",
        "status": 200
      },
      "acceptAction": {
        "ok": true,
        "x": 698,
        "y": 2182
      },
      "connected": true,
      "pass": true,
      "firstFail": null,
      "counts": {
        "incoming_activity_shown": 1,
        "activity_notification_accept": 0,
        "accept_tapped": 1,
        "state_connected": 1
      },
      "order": [
        {
          "marker": "incoming_activity_shown",
          "idx": 14
        },
        {
          "marker": "activity_notification_accept",
          "idx": -1
        },
        {
          "marker": "accept_tapped",
          "idx": 25
        },
        {
          "marker": "state_connected",
          "idx": 49
        }
      ],
      "grace": {
        "pass": true,
        "firstFail": null,
        "graceScheduled": 1,
        "graceElapsed": 1,
        "graceSkipped": 0,
        "suppressGapMs": 1402
      }
    },
    {
      "scenario": "video_foreground_button_accept",
      "tier": "p0",
      "label": "Video Foreground → Activity Accept → Connected",
      "blocksGate": true,
      "media": "video",
      "path": "foreground_button",
      "callId": "6df9f0d1-52b5-4683-ba20-e6a4205fdc3c",
      "dial": {
        "ok": true,
        "callId": "6df9f0d1-52b5-4683-ba20-e6a4205fdc3c",
        "status": 200
      },
      "acceptAction": {
        "ok": true,
        "x": 698,
        "y": 2182
      },
      "connected": true,
      "pass": true,
      "firstFail": null,
      "counts": {
        "incoming_activity_shown": 1,
        "activity_notification_accept": 0,
        "accept_tapped": 1,
        "state_connected": 1
      },
      "order": [
        {
          "marker": "incoming_activity_shown",
          "idx": 14
        },
        {
          "marker": "activity_notification_accept",
          "idx": -1
        },
        {
          "marker": "accept_tapped",
          "idx": 25
        },
        {
          "marker": "state_connected",
          "idx": 49
        }
      ],
      "grace": {
        "pass": true,
        "firstFail": null,
        "graceScheduled": 1,
        "graceElapsed": 1,
        "graceSkipped": 0,
        "suppressGapMs": 1372
      }
    }
  ],
  "referenceResults": [],
  "results": [
    {
      "scenario": "voice_fsi_button_accept",
      "tier": "p0",
      "label": "Voice FSI → Activity Accept → Connected",
      "blocksGate": true,
      "media": "voice",
      "path": "fsi_button",
      "callId": "72602426-e442-4b9b-8ad1-0173bfcc567c",
      "dial": {
        "ok": true,
        "callId": "72602426-e442-4b9b-8ad1-0173bfcc567c",
        "status": 200
      },
      "acceptAction": {
        "ok": true,
        "x": 698,
        "y": 2182
      },
      "connected": true,
      "pass": true,
      "firstFail": null,
      "counts": {
        "incoming_activity_shown": 1,
        "activity_notification_accept": 0,
        "accept_tapped": 1,
        "state_connected": 1
      },
      "order": [
        {
          "marker": "incoming_activity_shown",
          "idx": 14
        },
        {
          "marker": "activity_notification_accept",
          "idx": -1
        },
        {
          "marker": "accept_tapped",
          "idx": 23
        },
        {
          "marker": "state_connected",
          "idx": 40
        }
      ],
      "grace": {
        "pass": true,
        "firstFail": null,
        "graceScheduled": 1,
        "graceElapsed": 1,
        "graceSkipped": 0,
        "suppressGapMs": 1488
      }
    },
    {
      "scenario": "voice_foreground_button_accept",
      "tier": "p0",
      "label": "Voice Foreground → Activity Accept → Connected",
      "blocksGate": true,
      "media": "voice",
      "path": "foreground_button",
      "callId": "d5eb63f0-eca7-41f0-90f2-03f2bf921ced",
      "dial": {
        "ok": true,
        "callId": "d5eb63f0-eca7-41f0-90f2-03f2bf921ced",
        "status": 200
      },
      "acceptAction": {
        "ok": true,
        "x": 698,
        "y": 2182
      },
      "connected": true,
      "pass": true,
      "firstFail": null,
      "counts": {
        "incoming_activity_shown": 1,
        "activity_notification_accept": 0,
        "accept_tapped": 1,
        "state_connected": 1
      },
      "order": [
        {
          "marker": "incoming_activity_shown",
          "idx": 14
        },
        {
          "marker": "activity_notification_accept",
          "idx": -1
        },
        {
          "marker": "accept_tapped",
          "idx": 23
        },
        {
          "marker": "state_connected",
          "idx": 40
        }
      ],
      "grace": {
        "pass": true,
        "firstFail": null,
        "graceScheduled": 1,
        "graceElapsed": 1,
        "graceSkipped": 0,
        "suppressGapMs": 1519
      }
    },
    {
      "scenario": "video_fsi_button_accept",
      "tier": "p0",
      "label": "Video FSI → Activity Accept → Connected",
      "blocksGate": true,
      "media": "video",
      "path": "fsi_button",
      "callId": "17137e16-0d9a-47a3-a41b-a58e5bd65b44",
      "dial": {
        "ok": true,
        "callId": "17137e16-0d9a-47a3-a41b-a58e5bd65b44",
        "status": 200
      },
      "acceptAction": {
        "ok": true,
        "x": 698,
        "y": 2182
      },
      "connected": true,
      "pass": true,
      "firstFail": null,
      "counts": {
        "incoming_activity_shown": 1,
        "activity_notification_accept": 0,
        "accept_tapped": 1,
        "state_connected": 1
      },
      "order": [
        {
          "marker": "incoming_activity_shown",
          "idx": 14
        },
        {
          "marker": "activity_notification_accept",
          "idx": -1
        },
        {
          "marker": "accept_tapped",
          "idx": 25
        },
        {
          "marker": "state_connected",
          "idx": 49
        }
      ],
      "grace": {
        "pass": true,
        "firstFail": null,
        "graceScheduled": 1,
        "graceElapsed": 1,
        "graceSkipped": 0,
        "suppressGapMs": 1402
      }
    },
    {
      "scenario": "video_foreground_button_accept",
      "tier": "p0",
      "label": "Video Foreground → Activity Accept → Connected",
      "blocksGate": true,
      "media": "video",
      "path": "foreground_button",
      "callId": "6df9f0d1-52b5-4683-ba20-e6a4205fdc3c",
      "dial": {
        "ok": true,
        "callId": "6df9f0d1-52b5-4683-ba20-e6a4205fdc3c",
        "status": 200
      },
      "acceptAction": {
        "ok": true,
        "x": 698,
        "y": 2182
      },
      "connected": true,
      "pass": true,
      "firstFail": null,
      "counts": {
        "incoming_activity_shown": 1,
        "activity_notification_accept": 0,
        "accept_tapped": 1,
        "state_connected": 1
      },
      "order": [
        {
          "marker": "incoming_activity_shown",
          "idx": 14
        },
        {
          "marker": "activity_notification_accept",
          "idx": -1
        },
        {
          "marker": "accept_tapped",
          "idx": 25
        },
        {
          "marker": "state_connected",
          "idx": 49
        }
      ],
      "grace": {
        "pass": true,
        "firstFail": null,
        "graceScheduled": 1,
        "graceElapsed": 1,
        "graceSkipped": 0,
        "suppressGapMs": 1372
      }
    }
  ]
}
