[android-matrix] B before login probe={"ok":true,"userId":"9259ab7d-ae5f-4d4a-819a-8d5bd568ecf8","username":"qqqq"}
[android-matrix] B logcat 09-07 20:56:04.009 12652 12652 I DIBAY_PUSH_REGISTER: [DIBAY_PUSH_REGISTER] {"step":"mount","href":"https://samarket.vercel.app/","hasCapacitor":true,"isNativePlatform":true,"platform":"android","hasAndroidBridge":true,"hasNativeOAuthLauncherPluginHeader":true,"hasNativeAppleAuthPluginHeader":false,"hasNativeKakaoAuthPluginHeader":true,"hasNativeGoogleAuthPluginHeader":true,"nativeAppleLoginAvailable":false,"nativeKakaoLoginAvailable":true,"nativeGoogleLoginAvailable":true,"hasCapacitorNativePromise":true,"bridgeReady":true,"oauthNativeLaunchAvailable":true,"dibayAppPlatformMarker":"android","locationHref":"https://samarket.vercel.app/","detectedNative":true,"oauthLaunchShell":true}
[android-matrix] B logcat 09-07 20:56:04.011 12652 12652 I DIBAY_PUSH_REGISTER: [DIBAY_PUSH_REGISTER] {"step":"session_authenticated","phase":"authenticated"}
[android-matrix] B logcat 09-07 20:56:04.042 12652 12652 I DIBAY_PUSH_REGISTER: [DIBAY_PUSH_REGISTER] {"step":"session_authenticated","user_id":"9259ab7d-ae5f-4d4a-819a-8d5bd568ecf8","register_reset":"auth:INITIAL_SESSION"}
[android-matrix] B logcat 09-07 20:56:04.699 12652 12652 I DIBAY_PUSH_REGISTER: [DIBAY_PUSH_REGISTER] {"step":"session_authenticated","user_id":"9259ab7d-ae5f-4d4a-819a-8d5bd568ecf8","registerAttempt":0}
[android-matrix] B logcat 09-07 20:56:04.701 12652 12652 I DIBAY_PUSH_REGISTER: [DIBAY_PUSH_REGISTER] {"step":"session_authenticated","user_id":"9259ab7d-ae5f-4d4a-819a-8d5bd568ecf8","registerAttempt":0}
[android-matrix] B logcat 09-07 20:56:04.702 12652 12652 I DIBAY_PUSH_REGISTER: [DIBAY_PUSH_REGISTER] {"step":"session_authenticated","user_id":"9259ab7d-ae5f-4d4a-819a-8d5bd568ecf8","registerAttempt":0}
[android-matrix] B logcat 09-07 20:56:04.703 12652 12652 I DIBAY_PUSH_REGISTER: [DIBAY_PUSH_REGISTER] {"step":"session_authenticated","user_id":"9259ab7d-ae5f-4d4a-819a-8d5bd568ecf8","registerAttempt":0}
[android-matrix] B logcat 09-07 20:56:04.704 12652 12652 I DIBAY_PUSH_REGISTER: [DIBAY_PUSH_REGISTER] {"step":"session_authenticated","platform":"android","user_id":"9259ab7d-ae5f-4d4a-819a-8d5bd568ecf8","device_id":"fe47380f-c30e-4f2d-bdba-55a7cfa48b32"}
[android-matrix] B logcat 09-07 20:56:04.740 12652 12652 I DIBAY_PUSH_REGISTER: [DIBAY_PUSH_REGISTER] {"step":"register_call","platform":"android","push_provider":"fcm"}
[android-matrix] B logcat 09-07 20:56:04.764 12652 12652 I DIBAY_PUSH_REGISTER: [DIBAY_PUSH_REGISTER] {"step":"registration_event","platform":"android","push_provider":"fcm","token_len":142,"user_id":"9259ab7d-ae5f-4d4a-819a-8d5bd568ecf8","listener_invocation":1}
[android-matrix] B logcat 09-07 20:56:04.765 12652 12652 I DIBAY_PUSH_REGISTER: [DIBAY_PUSH_REGISTER] {"step":"native_register_start","platform":"android","push_provider":"fcm","device_id":"fe47380f-c30e-4f2d-bdba-55a7cfa48b32","user_id":"9259ab7d-ae5f-4d4a-819a-8d5bd568ecf8","push_token_len":142}
[android-matrix] B logcat 09-07 20:56:04.777 12652 12800 I DIBAY_PUSH_REGISTER: {"step":"native_register_post_started","platform":"android","push_provider":"fcm","device_id":"fe47380f-c30e-4f2d-bdba-55a7cfa48b32","push_token_len":142,"user_id":"9259ab7d-ae5f-4d4a-819a-8d5bd568ecf8","http_status":-1,"ok":false}
[android-matrix] B logcat 09-07 20:56:05.276 12652 12800 I DIBAY_PUSH_REGISTER: {"step":"native_register_post_done","platform":"android","push_provider":"fcm","device_id":"fe47380f-c30e-4f2d-bdba-55a7cfa48b32","push_token_len":142,"user_id":"9259ab7d-ae5f-4d4a-819a-8d5bd568ecf8","http_status":200,"ok":true}
[android-matrix] B logcat 09-07 20:56:05.284 12652 12652 I DIBAY_PUSH_REGISTER: [DIBAY_PUSH_REGISTER] {"step":"native_register_post_done","platform":"android","push_provider":"fcm","device_id":"fe47380f-c30e-4f2d-bdba-55a7cfa48b32","user_id":"9259ab7d-ae5f-4d4a-819a-8d5bd568ecf8","push_token_len":142,"ok":true,"http_status":200,"error":null,"device_row_id":"f27589f8-60d0-43b7-bac9-74aca490c525"}
[android-matrix] B logcat 09-07 20:56:05.291 12652 12652 I DIBAY_PUSH_REGISTER: [DIBAY_PUSH_REGISTER] {"step":"success","http_status":200,"device_row_id":"f27589f8-60d0-43b7-bac9-74aca490c525","user_id":"9259ab7d-ae5f-4d4a-819a-8d5bd568ecf8","via":"native_http"}
[android-matrix] --- ORDER background room=8eff9cf1-a46a-4466-b3f5-8f117ed56cdb ---
[android-matrix] B-bg-home-ORDER navigated https://samarket.vercel.app/community-messenger
[android-matrix] ORDER background => PASS exact=true legacy=false unread 0->1->0 path=/community-messenger/rooms/8eff9cf1-a46a-4466-b3f5-8f117ed56cdb reasons=none
[android-matrix] --- ORDER terminated room=8eff9cf1-a46a-4466-b3f5-8f117ed56cdb ---
[android-matrix] ORDER terminated => PASS exact=true legacy=false unread 0->1->0 path=/community-messenger/rooms/8eff9cf1-a46a-4466-b3f5-8f117ed56cdb reasons=none
