[vercel-apk-call-qa] ensure login A=8b37179f7d94 aaaa (11111111-1111-1111-1111-111111111111)
[vercel-apk-call-qa] device-A before login probe={"ok":true,"userId":"11111111-1111-1111-1111-111111111111","username":"aaaa"}
[vercel-apk-call-qa] device-A logcat --------- beginning of main
[vercel-apk-call-qa] device-A logcat 06-22 16:56:54.765 14111 14111 I DIBAY_PUSH_REGISTER: [DIBAY_PUSH_REGISTER] {"step":"mount","href":"https://samarket.vercel.app/philife","hasCapacitor":true,"isNativePlatform":true,"platform":"android","hasAndroidBridge":true,"hasNativeOAuthLauncherPluginHeader":true,"hasNativeAppleAuthPluginHeader":false,"hasNativeKakaoAuthPluginHeader":true,"hasNativeGoogleAuthPluginHeader":true,"nativeAppleLoginAvailable":false,"nativeKakaoLoginAvailable":true,"nativeGoogleLoginAvailable":true,"hasCapacitorNativePromise":true,"bridgeReady":true,"oauthNativeLaunchAvailable":true,"dibayAppPlatformMarker":"android","locationHref":"https://samarket.vercel.app/philife","detectedNative":true,"oauthLaunchShell":true}
[vercel-apk-call-qa] device-A logcat 06-22 16:56:57.198 14633 14633 I DIBAY_NOTIFY: [notify-open] tap_received notificationId=null
[vercel-apk-call-qa] device-A logcat 06-22 16:56:57.284 14633 14633 I DIBAY_NOTIFY: [notify-open] tap_received notificationId=null
[vercel-apk-call-qa] device-A logcat 06-22 16:56:58.771 14633 14633 I DIBAY_PUSH_REGISTER: [DIBAY_PUSH_REGISTER] {"step":"mount","href":"https://samarket.vercel.app/philife","hasCapacitor":true,"isNativePlatform":true,"platform":"android","hasAndroidBridge":true,"hasNativeOAuthLauncherPluginHeader":true,"hasNativeAppleAuthPluginHeader":false,"hasNativeKakaoAuthPluginHeader":true,"hasNativeGoogleAuthPluginHeader":true,"nativeAppleLoginAvailable":false,"nativeKakaoLoginAvailable":true,"nativeGoogleLoginAvailable":true,"hasCapacitorNativePromise":true,"bridgeReady":true,"oauthNativeLaunchAvailable":true,"dibayAppPlatformMarker":"android","locationHref":"https://samarket.vercel.app/philife","detectedNative":true,"oauthLaunchShell":true}
[vercel-apk-call-qa] device-A logcat 06-22 16:56:59.562 14633 14633 I DIBAY_PUSH_REGISTER: [DIBAY_PUSH_REGISTER] {"step":"session_authenticated","user_id":"11111111-1111-1111-1111-111111111111","registerAttempt":0}
[vercel-apk-call-qa] device-A logcat 06-22 16:56:59.564 14633 14633 I DIBAY_PUSH_REGISTER: [DIBAY_PUSH_REGISTER] {"step":"session_authenticated","platform":"android","user_id":"11111111-1111-1111-1111-111111111111","device_id":"3fbe3209-1328-4eb6-85a8-b35fa687f4e8"}
[vercel-apk-call-qa] device-A logcat 06-22 16:57:00.396 14633 14633 I DIBAY_PUSH_REGISTER: [DIBAY_PUSH_REGISTER] {"step":"permission_check","state":"granted"}
[vercel-apk-call-qa] device-A logcat 06-22 16:57:00.435 14633 14633 I DIBAY_PUSH_REGISTER: [DIBAY_PUSH_REGISTER] {"step":"register_call","platform":"android","push_provider":"fcm"}
[vercel-apk-call-qa] device-A logcat 06-22 16:57:00.600 14633 14633 I DIBAY_PUSH_REGISTER: [DIBAY_PUSH_REGISTER] {"step":"registration_event","platform":"android","push_provider":"fcm","token_len":142,"user_id":"11111111-1111-1111-1111-111111111111"}
[vercel-apk-call-qa] device-A logcat 06-22 16:57:00.600 14633 14633 I DIBAY_PUSH_REGISTER: [DIBAY_PUSH_REGISTER] {"step":"api_post","platform":"android","push_provider":"fcm","device_id":"3fbe3209-1328-4eb6-85a8-b35fa687f4e8","user_id":"11111111-1111-1111-1111-111111111111","push_token_len":142}
[vercel-apk-call-qa] device-A logcat 06-22 16:57:00.902 14633 14633 I DIBAY_PUSH_REGISTER: [DIBAY_PUSH_REGISTER] {"step":"success","http_status":200,"device_row_id":"ffefe353-5e80-4b1a-af1f-7048f4b7b81f","user_id":"11111111-1111-1111-1111-111111111111"}
[vercel-apk-call-qa] ensure login B=RFCY40PY2CA qqqq (9259ab7d-ae5f-4d4a-819a-8d5bd568ecf8)
[vercel-apk-call-qa] device-B before login probe={"ok":true,"userId":"9259ab7d-ae5f-4d4a-819a-8d5bd568ecf8","username":"qqqq"}
[vercel-apk-call-qa] device-B logcat --------- beginning of main
[vercel-apk-call-qa] device-B logcat 06-22 16:57:20.120 15762 15762 I DIBAY_NOTIFY: [notify-open] tap_received notificationId=null
[vercel-apk-call-qa] device-B logcat 06-22 16:57:20.175 15762 15762 I DIBAY_NOTIFY: [notify-open] tap_received notificationId=null
[vercel-apk-call-qa] device-B logcat 06-22 16:57:21.650 15762 15762 I DIBAY_PUSH_REGISTER: [DIBAY_PUSH_REGISTER] {"step":"mount","href":"https://samarket.vercel.app/philife","hasCapacitor":true,"isNativePlatform":true,"platform":"android","hasAndroidBridge":true,"hasNativeOAuthLauncherPluginHeader":true,"hasNativeAppleAuthPluginHeader":false,"hasNativeKakaoAuthPluginHeader":true,"hasNativeGoogleAuthPluginHeader":true,"nativeAppleLoginAvailable":false,"nativeKakaoLoginAvailable":true,"nativeGoogleLoginAvailable":true,"hasCapacitorNativePromise":true,"bridgeReady":true,"oauthNativeLaunchAvailable":true,"dibayAppPlatformMarker":"android","locationHref":"https://samarket.vercel.app/philife","detectedNative":true,"oauthLaunchShell":true}
[vercel-apk-call-qa] device-B logcat 06-22 16:57:22.329 15762 15762 I DIBAY_PUSH_REGISTER: [DIBAY_PUSH_REGISTER] {"step":"session_authenticated","user_id":"9259ab7d-ae5f-4d4a-819a-8d5bd568ecf8","registerAttempt":0}
[vercel-apk-call-qa] device-B logcat 06-22 16:57:22.331 15762 15762 I DIBAY_PUSH_REGISTER: [DIBAY_PUSH_REGISTER] {"step":"session_authenticated","platform":"android","user_id":"9259ab7d-ae5f-4d4a-819a-8d5bd568ecf8","device_id":"86bff38c-3ce0-417f-8848-0f95c528e438"}
[vercel-apk-call-qa] device-B logcat 06-22 16:57:22.366 15762 15762 I DIBAY_PUSH_REGISTER: [DIBAY_PUSH_REGISTER] {"step":"permission_check","state":"granted"}
[vercel-apk-call-qa] device-B logcat 06-22 16:57:22.384 15762 15762 I DIBAY_PUSH_REGISTER: [DIBAY_PUSH_REGISTER] {"step":"register_call","platform":"android","push_provider":"fcm"}
[vercel-apk-call-qa] device-B logcat 06-22 16:57:22.396 15762 15762 I DIBAY_PUSH_REGISTER: [DIBAY_PUSH_REGISTER] {"step":"registration_event","platform":"android","push_provider":"fcm","token_len":142,"user_id":"9259ab7d-ae5f-4d4a-819a-8d5bd568ecf8"}
[vercel-apk-call-qa] device-B logcat 06-22 16:57:22.396 15762 15762 I DIBAY_PUSH_REGISTER: [DIBAY_PUSH_REGISTER] {"step":"api_post","platform":"android","push_provider":"fcm","device_id":"86bff38c-3ce0-417f-8848-0f95c528e438","user_id":"9259ab7d-ae5f-4d4a-819a-8d5bd568ecf8","push_token_len":142}
[vercel-apk-call-qa] device-B logcat 06-22 16:57:22.706 15762 15762 I DIBAY_PUSH_REGISTER: [DIBAY_PUSH_REGISTER] {"step":"success","http_status":200,"device_row_id":"023fd39b-9639-425c-9ef9-0665b5ef03eb","user_id":"9259ab7d-ae5f-4d4a-819a-8d5bd568ecf8"}
[vercel-apk-call-qa] FCM register OK A=11111111-1111-1111-1111-111111111111 B=9259ab7d-ae5f-4d4a-819a-8d5bd568ecf8
