09-30 22:13:48.104  2445  2890 E MiuiPadHome_ActivityManagerWrapper:  mainTaskId=6608   userId=0   windowMode=1   baseIntent=Intent { act=android.intent.action.MAIN flag=270532608 cmp=ComponentInfo{com.kakao.talk/com.kakao.talk.activity.SplashActivity} }
09-30 22:13:48.108  2445  2890 D RecentsTaskManager: diffTasks onUpdate: [TaskKey{id=6608, stackId=0, baseIntent=Intent { act=android.intent.action.MAIN cat=[android.intent.category.LAUNCHER] flg=0x10200000 cmp=com.kakao.talk/.activity.SplashActivity }, userId=0, lastActiveTime=391294293, windowingMode=1, isThumbnailBlur=false, isScreening=false, topActivity=ComponentInfo{com.kakao.talk/com.kakao.talk.activity.main.MainActivity}, mHashCode=197782480}, title=카카오톡, titleDescription=카카오톡, bounds=null, isLaunchTarget=false, isStackTask=true, isSystemApp=false, isDockable=true, isLocked=false, isAccessLocked=false, mNeedHide=false, hasMultipleTasks=false, cti1Key=, cti2Key=, cti1Task=, cti2Task=] 
09-30 22:13:48.191  2005  4867 I WindowManager: Try to add startingWindow type = STARTING_WINDOW_TYPE_SPLASH_SCREEN this = ActivityRecord{235041842 u0 com.dibay.app/.MainActivity t6772} mOccludesParent = true preAllowTaskSnapshot = true afterAllowTaskSnapshot = true newTask = true taskSwitch = true processRunning = false activityCreated = false activityAllDrawn = false isSnapshotCompatible = false snapshotRotation = NaN resolvedTheme = 2131689481 theme = 2131689481
09-30 22:13:48.197  2005  2169 D PreStartingManager: Drawable is null, pkg: com.dibay.app  isNewSplash: true
09-30 22:13:48.205  2776  3134 I ViewRootImpl: Splash Screen com.dibay.app use first frame acceleration
09-30 22:13:48.291  2005  2444 D WindowManager: Finishing drawing starting window: Window{d75662e u0 Splash Screen com.dibay.app} mDrawState: DRAW_PENDING
09-30 22:13:48.357  2445  2890 E MiuiPadHome_ActivityManagerWrapper:  mainTaskId=6608   userId=0   windowMode=1   baseIntent=Intent { act=android.intent.action.MAIN flag=270532608 cmp=ComponentInfo{com.kakao.talk/com.kakao.talk.activity.SplashActivity} }
09-30 22:13:48.363  2445  2890 D RecentsTaskManager: diffTasks onUpdate: [TaskKey{id=6608, stackId=0, baseIntent=Intent { act=android.intent.action.MAIN cat=[android.intent.category.LAUNCHER] flg=0x10200000 cmp=com.kakao.talk/.activity.SplashActivity }, userId=0, lastActiveTime=391294293, windowingMode=1, isThumbnailBlur=false, isScreening=false, topActivity=ComponentInfo{com.kakao.talk/com.kakao.talk.activity.main.MainActivity}, mHashCode=197782480}, title=카카오톡, titleDescription=카카오톡, bounds=null, isLaunchTarget=false, isStackTask=true, isSystemApp=false, isDockable=true, isLocked=false, isAccessLocked=false, mNeedHide=false, hasMultipleTasks=false, cti1Key=, cti2Key=, cti1Task=, cti2Task=] 
09-30 22:13:48.443  2445  2890 E MiuiPadHome_ActivityManagerWrapper:  mainTaskId=6608   userId=0   windowMode=1   baseIntent=Intent { act=android.intent.action.MAIN flag=270532608 cmp=ComponentInfo{com.kakao.talk/com.kakao.talk.activity.SplashActivity} }
09-30 22:13:48.445  2445  2890 D RecentsTaskManager: diffTasks onUpdate: [TaskKey{id=6608, stackId=0, baseIntent=Intent { act=android.intent.action.MAIN cat=[android.intent.category.LAUNCHER] flg=0x10200000 cmp=com.kakao.talk/.activity.SplashActivity }, userId=0, lastActiveTime=391294293, windowingMode=1, isThumbnailBlur=false, isScreening=false, topActivity=ComponentInfo{com.kakao.talk/com.kakao.talk.activity.main.MainActivity}, mHashCode=197782480}, title=카카오톡, titleDescription=카카오톡, bounds=null, isLaunchTarget=false, isStackTask=true, isSystemApp=false, isDockable=true, isLocked=false, isAccessLocked=false, mNeedHide=false, hasMultipleTasks=false, cti1Key=, cti2Key=, cti1Task=, cti2Task=] 
09-30 22:13:48.944  2005  4867 D BarFollowAnimation: reparentCaptionBar2StatusBarLeash topwindow=Window{d75662e u0 Splash Screen com.dibay.app}
09-30 22:13:48.981  2005  2036 I WindowManager: wms.showSurfaceRobustly mWin:Window{d75662e u0 Splash Screen com.dibay.app} in Surface(name=Splash Screen com.dibay.app#11892)/@0x6852e65
09-30 22:13:49.036  2005  2036 D BarFollowAnimation: pairAppearanceRegionAndWin win=Window{d75662e u0 Splash Screen com.dibay.app} 0
09-30 22:13:49.037  2005  2036 D BarFollowAnimation: current status bar control target is : Window{d75662e u0 Splash Screen com.dibay.app}
09-30 22:13:49.038  2005  2036 D BarFollowAnimation: reparentCaptionBar2StatusBarLeash topwindow=Window{d75662e u0 Splash Screen com.dibay.app}
09-30 22:13:49.040  2005  2036 D WindowManager: updateSystemBarAttributes displayId: 0 Window{d75662e u0 Splash Screen com.dibay.app} winAppearance=
09-30 22:13:49.051  2005  2033 D BarFollowAnimation: pairAppearanceRegionAndWin win=Window{d75662e u0 Splash Screen com.dibay.app} 0
09-30 22:13:49.131  2445  2890 E MiuiPadHome_ActivityManagerWrapper:  mainTaskId=6608   userId=0   windowMode=1   baseIntent=Intent { act=android.intent.action.MAIN flag=270532608 cmp=ComponentInfo{com.kakao.talk/com.kakao.talk.activity.SplashActivity} }
09-30 22:13:49.135  2445  2890 D RecentsTaskManager: diffTasks onUpdate: [TaskKey{id=6608, stackId=0, baseIntent=Intent { act=android.intent.action.MAIN cat=[android.intent.category.LAUNCHER] flg=0x10200000 cmp=com.kakao.talk/.activity.SplashActivity }, userId=0, lastActiveTime=391294293, windowingMode=1, isThumbnailBlur=false, isScreening=false, topActivity=ComponentInfo{com.kakao.talk/com.kakao.talk.activity.main.MainActivity}, mHashCode=197782480}, title=카카오톡, titleDescription=카카오톡, bounds=null, isLaunchTarget=false, isStackTask=true, isSystemApp=false, isDockable=true, isLocked=false, isAccessLocked=false, mNeedHide=false, hasMultipleTasks=false, cti1Key=, cti2Key=, cti1Task=, cti2Task=] 
09-30 22:13:49.161  2005  5028 D BarFollowAnimation: calculateVisibilityBeforeReparentToLeash, result: true, controlTarget: Window{d75662e u0 Splash Screen com.dibay.app}, windowingMode: 1, isActivityTypeHome: false, isRequestedVisible: true
09-30 22:13:49.173  2005  5028 D BarFollowAnimation: calculateVisibilityBeforeReparentToLeash, result: true, controlTarget: Window{d75662e u0 Splash Screen com.dibay.app}, windowingMode: 1, isActivityTypeHome: false, isRequestedVisible: true
09-30 22:13:49.910  2005  2020 D BarFollowAnimation: calculateVisibilityBeforeReparentToLeash, result: true, controlTarget: Window{d75662e u0 Splash Screen com.dibay.app}, windowingMode: 1, isActivityTypeHome: false, isRequestedVisible: true
09-30 22:13:49.920  9476  9476 D Capacitor: Registering plugin instance: SplashScreen
09-30 22:13:49.922  2005  2020 D BarFollowAnimation: pairAppearanceRegionAndWin win=Window{d75662e u0 Splash Screen com.dibay.app} 0
09-30 22:13:49.939  2005  2020 D BarFollowAnimation: pairAppearanceRegionAndWin win=Window{d75662e u0 Splash Screen com.dibay.app} 0
09-30 22:13:49.948  2005  2020 D DisplayContentStubImpl: imeInputTarget is null,but imeLayeringTarget is the focus window imeLayeringTarget=Window{d75662e u0 Splash Screen com.dibay.app}
09-30 22:13:49.950  2005  2020 D DisplayContentStubImpl: imeInputTarget is null,but imeLayeringTarget is the focus window imeLayeringTarget=Window{d75662e u0 Splash Screen com.dibay.app}
09-30 22:13:49.951  2005  2020 D DisplayContentStubImpl: imeInputTarget is null,but imeLayeringTarget is the focus window imeLayeringTarget=Window{d75662e u0 Splash Screen com.dibay.app}
09-30 22:13:49.951  2005  2020 D DisplayContentStubImpl: imeInputTarget is null,but imeLayeringTarget is the focus window imeLayeringTarget=Window{d75662e u0 Splash Screen com.dibay.app}
09-30 22:13:49.951  2005  2020 D DisplayContentStubImpl: imeInputTarget is null,but imeLayeringTarget is the focus window imeLayeringTarget=Window{d75662e u0 Splash Screen com.dibay.app}
09-30 22:13:49.951  2005  2020 D DisplayContentStubImpl: imeInputTarget is null,but imeLayeringTarget is the focus window imeLayeringTarget=Window{d75662e u0 Splash Screen com.dibay.app}
09-30 22:13:49.951  2005  2020 D DisplayContentStubImpl: imeInputTarget is null,but imeLayeringTarget is the focus window imeLayeringTarget=Window{d75662e u0 Splash Screen com.dibay.app}
09-30 22:13:49.951  2005  2020 D DisplayContentStubImpl: imeInputTarget is null,but imeLayeringTarget is the focus window imeLayeringTarget=Window{d75662e u0 Splash Screen com.dibay.app}
09-30 22:13:49.951  2005  2020 D DisplayContentStubImpl: imeInputTarget is null,but imeLayeringTarget is the focus window imeLayeringTarget=Window{d75662e u0 Splash Screen com.dibay.app}
09-30 22:13:49.951  2005  2020 D DisplayContentStubImpl: imeInputTarget is null,but imeLayeringTarget is the focus window imeLayeringTarget=Window{d75662e u0 Splash Screen com.dibay.app}
09-30 22:13:49.951  2005  2020 D DisplayContentStubImpl: imeInputTarget is null,but imeLayeringTarget is the focus window imeLayeringTarget=Window{d75662e u0 Splash Screen com.dibay.app}
09-30 22:13:49.951  2005  2020 D DisplayContentStubImpl: imeInputTarget is null,but imeLayeringTarget is the focus window imeLayeringTarget=Window{d75662e u0 Splash Screen com.dibay.app}
09-30 22:13:49.951  2005  2020 D DisplayContentStubImpl: imeInputTarget is null,but imeLayeringTarget is the focus window imeLayeringTarget=Window{d75662e u0 Splash Screen com.dibay.app}
09-30 22:13:49.952  2005  2020 D DisplayContentStubImpl: imeInputTarget is null,but imeLayeringTarget is the focus window imeLayeringTarget=Window{d75662e u0 Splash Screen com.dibay.app}
09-30 22:13:49.952  2005  2020 D DisplayContentStubImpl: imeInputTarget is null,but imeLayeringTarget is the focus window imeLayeringTarget=Window{d75662e u0 Splash Screen com.dibay.app}
09-30 22:13:49.952  2005  2020 D DisplayContentStubImpl: imeInputTarget is null,but imeLayeringTarget is the focus window imeLayeringTarget=Window{d75662e u0 Splash Screen com.dibay.app}
09-30 22:13:49.952  2005  2020 D DisplayContentStubImpl: imeInputTarget is null,but imeLayeringTarget is the focus window imeLayeringTarget=Window{d75662e u0 Splash Screen com.dibay.app}
09-30 22:13:49.952  2005  2020 D DisplayContentStubImpl: imeInputTarget is null,but imeLayeringTarget is the focus window imeLayeringTarget=Window{d75662e u0 Splash Screen com.dibay.app}
09-30 22:13:49.957  2005  2020 D BarFollowAnimation: pairAppearanceRegionAndWin win=Window{d75662e u0 Splash Screen com.dibay.app} 0
09-30 22:13:49.965  2005  2020 D BarFollowAnimation: calculateVisibilityBeforeReparentToLeash, result: true, controlTarget: Window{d75662e u0 Splash Screen com.dibay.app}, windowingMode: 1, isActivityTypeHome: false, isRequestedVisible: true
09-30 22:13:50.013  2445  2890 E MiuiPadHome_ActivityManagerWrapper:  mainTaskId=6608   userId=0   windowMode=1   baseIntent=Intent { act=android.intent.action.MAIN flag=270532608 cmp=ComponentInfo{com.kakao.talk/com.kakao.talk.activity.SplashActivity} }
09-30 22:13:50.014  2445  2890 D RecentsTaskManager: diffTasks onUpdate: [TaskKey{id=6608, stackId=0, baseIntent=Intent { act=android.intent.action.MAIN cat=[android.intent.category.LAUNCHER] flg=0x10200000 cmp=com.kakao.talk/.activity.SplashActivity }, userId=0, lastActiveTime=391294293, windowingMode=1, isThumbnailBlur=false, isScreening=false, topActivity=ComponentInfo{com.kakao.talk/com.kakao.talk.activity.main.MainActivity}, mHashCode=197782480}, title=카카오톡, titleDescription=카카오톡, bounds=null, isLaunchTarget=false, isStackTask=true, isSystemApp=false, isDockable=true, isLocked=false, isAccessLocked=false, mNeedHide=false, hasMultipleTasks=false, cti1Key=, cti2Key=, cti1Task=, cti2Task=] 
09-30 22:13:50.092  9476  9476 I DIBAY_WebView: startup_boot_skip reason=native_splash_direct_remote
09-30 22:13:50.379  2005  2020 D DisplayContentStubImpl: imeInputTarget is null,but imeLayeringTarget is the focus window imeLayeringTarget=Window{d75662e u0 Splash Screen com.dibay.app}
09-30 22:13:50.380  2005  2020 D DisplayContentStubImpl: imeInputTarget is null,but imeLayeringTarget is the focus window imeLayeringTarget=Window{d75662e u0 Splash Screen com.dibay.app}
09-30 22:13:50.380  2005  2020 D DisplayContentStubImpl: imeInputTarget is null,but imeLayeringTarget is the focus window imeLayeringTarget=Window{d75662e u0 Splash Screen com.dibay.app}
09-30 22:13:50.380  2005  2020 D DisplayContentStubImpl: imeInputTarget is null,but imeLayeringTarget is the focus window imeLayeringTarget=Window{d75662e u0 Splash Screen com.dibay.app}
09-30 22:13:50.380  2005  2020 D DisplayContentStubImpl: imeInputTarget is null,but imeLayeringTarget is the focus window imeLayeringTarget=Window{d75662e u0 Splash Screen com.dibay.app}
09-30 22:13:50.381  2005  2020 D DisplayContentStubImpl: imeInputTarget is null,but imeLayeringTarget is the focus window imeLayeringTarget=Window{d75662e u0 Splash Screen com.dibay.app}
09-30 22:13:50.381  2005  2020 D DisplayContentStubImpl: imeInputTarget is null,but imeLayeringTarget is the focus window imeLayeringTarget=Window{d75662e u0 Splash Screen com.dibay.app}
09-30 22:13:50.381  2005  2020 D DisplayContentStubImpl: imeInputTarget is null,but imeLayeringTarget is the focus window imeLayeringTarget=Window{d75662e u0 Splash Screen com.dibay.app}
09-30 22:13:50.381  2005  2020 D DisplayContentStubImpl: imeInputTarget is null,but imeLayeringTarget is the focus window imeLayeringTarget=Window{d75662e u0 Splash Screen com.dibay.app}
09-30 22:13:50.381  2005  2020 D DisplayContentStubImpl: imeInputTarget is null,but imeLayeringTarget is the focus window imeLayeringTarget=Window{d75662e u0 Splash Screen com.dibay.app}
09-30 22:13:50.381  2005  2020 D DisplayContentStubImpl: imeInputTarget is null,but imeLayeringTarget is the focus window imeLayeringTarget=Window{d75662e u0 Splash Screen com.dibay.app}
09-30 22:13:50.381  2005  2020 D DisplayContentStubImpl: imeInputTarget is null,but imeLayeringTarget is the focus window imeLayeringTarget=Window{d75662e u0 Splash Screen com.dibay.app}
