09-30 22:13:37.389  1813  3920 V WindowManager: Cleaning splash screen token=ActivityRecord{167883035 u0 com.dibay.app/.MainActivity t14997 f}}
09-30 22:13:37.519  1813  3922 V WindowManager: Creating SplashScreenStartingData
09-30 22:13:37.519  1813  3922 V WindowManager: Add starting ActivityRecord{34099687 u0 com.dibay.app/.MainActivity t14998}: startingData=SplashScreenStartingData{ff61300 removeAfterTransaction= 0}
09-30 22:13:37.533  1813  1833 D WindowManager: prepareSync <SYNC_STATE_WAITING_FOR_DRAW>, mPrepareSyncSeqId=0, win=Window{b295f2c u0 Splash Screen com.dibay.app}
09-30 22:13:37.534  1328  3184 I SurfaceFlinger: id=4683 createSurf, flag=84004, b295f2c Splash Screen com.dibay.app#4683
09-30 22:13:37.535  1813  1833 V WindowManager: addWindow: ActivityRecord{34099687 u0 com.dibay.app/.MainActivity t14998} startingWindow=Window{b295f2c u0 Splash Screen com.dibay.app}
09-30 22:13:37.538  2625  2712 I InsetsController: onStateChanged: host=Splash Screen com.dibay.app, from=android.view.ViewRootImpl.onInsetsStateChanged:3038, state=InsetsState: {mDisplayFrame=Rect(0, 0 - 1080, 2340), mDisplayCutout=DisplayCutout{insets=Rect(0, 80 - 0, 0) waterfall=Insets{left=0, top=0, right=0, bottom=0} boundingRect={Bounds=[Rect(0, 0 - 0, 0), Rect(472, 0 - 608, 80), Rect(0, 0 - 0, 0), Rect(0, 0 - 0, 0)]} cutoutPathParserInfo={CutoutPathParserInfo{displayWidth=1080 displayHeight=2340 physicalDisplayWidth=1080 physicalDisplayHeight=2340 density={2.8125} cutoutSpec={M 0,0 H -24.177777778 V 28.4444444444 H 24.177777778 V 0 H 0 Z @dp} rotation={0} scale={1.0} physicalPixelDisplaySizeRatio={1.0}}} sideOverrides={}}, mRoundedCorners=RoundedCorners{[RoundedCorner{position=TopLeft, radius=113, center=Point(113, 113)}, RoundedCorner{position=TopRight, radius=113, center=Point(967, 113)}, RoundedCorner{position=BottomRight, radius=113, center=Point(967, 2227)}, RoundedCorner{position=BottomLeft, radius=113, center=Point(113, 2227)}]}  mRoundedCornerFrame=Rect(0, 0 - 1080, 2340), mPrivacyIndicatorBounds=PrivacyIndicatorBounds {static bounds=Rect(956, 0 - 1080, 80) rotation=0}, mDisplayShape=DisplayShape{ spec=-311912193 displayWidth=1080 displayHeight=2340 physicalPixelDisplaySizeRatio=1.0 rotation=0 offsetX=0 offsetY=0 scale=1.0}, mSources= { InsetsSource: {e43a0001 mType=navigationBars mFrame=[0,2205][1080,2340] mAttachedInsets=null mVisible=true mFlags= mSideHint=BOTTOM mBoundingRects=null}, InsetsSource: {e43a0004 mType=systemGestures mFrame=[0,0][0,0] mAttachedInsets=null mVisible=true mFlags= mSideHint=NONE mBoundingRects=null}, InsetsSource: {e43a0005 mType=mandatorySystemGestures mFrame=[0,2205][1080,2340] mAttachedInsets=null mVisible=true mFlags= mSideHint=BOTTOM mBoundingRects=null}, InsetsSource: {e43a0006 mType=tappableElement mFrame=[0,2205][1080,2340] mAttachedInsets=null mVisible=true mFlags= mSideHint=BOTTOM mBoundingRects=null}, InsetsSource: {e43a0024 mType=systemGestures mFrame=[0,0][0,0] mAttachedInsets=null mVisible=true mFlags= mSideHint=NONE mBoundingRects=null}, InsetsSource: {3 mType=ime mFrame=[0,0][0,0] mAttachedInsets=null mVisible=false mFlags=INVALID mSideHint=NONE mBoundingRects=null}, InsetsSource: {27 mType=displayCutout mFrame=[0,0][1080,80] mAttachedInsets=null mVisible=true mFlags= mSideHint=TOP mBoundingRects=null}, InsetsSource: {4de40000 mType=statusBars mFrame=[0,0][1080,80] mAttachedInsets=null mVisible=true mFlags= mSideHint=TOP mBoundingRects=null}, InsetsSource: {4de40005 mType=mandatorySystemGestures mFrame=[0,0][1080,114] mAttachedInsets=null mVisible=true mFlags= mSideHint=TOP mBoundingRects=null}, InsetsSource: {4de40006 mType=tappableElement mFrame=[0,0][1080,80] mAttachedInsets=null mVisible=true mFlags= mSideHint=TOP mBoundingRects=null} }
09-30 22:13:37.540  1813  2783 I WindowManager: Relayout Window{b295f2c u0 Splash Screen com.dibay.app}: viewVisibility=0 req=1080x2340 ty=3 d0
09-30 22:13:37.541  1328  3184 I SurfaceFlinger: id=4684 createSurf, flag=44004, Splash Screen com.dibay.app$_2625#4684
09-30 22:13:37.542  1813  2783 D WindowManager: makeSurface duration=2 name=Splash Screen com.dibay.app$_2625
09-30 22:13:37.542  1328  1328 I SurfaceFlinger: [b295f2c Splash Screen com.dibay.app#4683] attach to parent LayerHierarchy{RequestedLayerState{ActivityRecord{34099687 u0 com.dibay.app/.MainActivity t14998}#4682 parentId=4681} 1 children}
09-30 22:13:37.542  1328  1328 I SurfaceFlinger: [Splash Screen com.dibay.app$_2625#4684] attach to parent LayerHierarchy{RequestedLayerState{b295f2c Splash Screen com.dibay.app#4683 parentId=4682} 1 children}
09-30 22:13:37.567  1813  2486 D WindowManager: finishDrawingWindow: Window{b295f2c u0 Splash Screen com.dibay.app} mDrawState=DRAW_PENDING seqId=0
09-30 22:13:37.568  1813  2486 V WindowManager: Finishing drawing window Window{b295f2c u0 Splash Screen com.dibay.app}: mDrawState=DRAW_PENDING
09-30 22:13:37.568  1813  2486 V WindowManager: Draw state now committed in Window{b295f2c u0 Splash Screen com.dibay.app}
09-30 22:13:37.995  1813  1848 V WindowManager: performShowLocked: mDrawState=HAS_DRAWN in Window{b295f2c u0 Splash Screen com.dibay.app}
09-30 22:13:38.042  1328  1328 I SurfaceFlinger: RequestedLayer [b295f2c Splash Screen com.dibay.app#4683] hidden!! flag  from(1) --> to(0)
09-30 22:13:38.042  1328  1328 I SurfaceFlinger: RequestedLayer [Splash Screen com.dibay.app$_2625#4684] hidden!! flag  from(1) --> to(0)
09-30 22:13:38.054  1328  1328 D SurfaceFlinger:        CLIENT |           11274289153515 | 00002100 | RGBA_8888    |  890.0    0.0 1080.0 2340.0 |    0  117  171 2223 | Splash Screen com.dibay.app$_2625#4684 (1)
09-30 22:13:38.215  1328  1328 D SurfaceFlinger:        CLIENT |           11274289153515 | 00002100 | RGBA_8888    |  231.0    0.0 1080.0 2340.0 |    0   30  828 2310 | Splash Screen com.dibay.app$_2625#4684 (1)
09-30 22:13:38.331  1328  1328 D SurfaceFlinger:        CLIENT |           11274289153515 | 00002100 | RGBA_8888    |   82.0    0.0 1080.0 2340.0 |    0   11  989 2329 | Splash Screen com.dibay.app$_2625#4684 (1)
09-30 22:13:38.480 28980 28980 D Capacitor: Registering plugin instance: SplashScreen
09-30 22:13:38.568 28980 28980 I DIBAY_WebView: startup_boot_skip reason=native_splash_direct_remote
09-30 22:13:38.603  1328  1328 D SurfaceFlinger:        DEVICE |           11274289153515 | 00002100 | RGBA_8888    |    0.0    0.0 1080.0 2340.0 |    0    0 1080 2340 | Splash Screen com.dibay.app$_2625#4684 (1)
09-30 22:13:38.609  1813  3919 D InsetsSourceProvider: updateControlForTarget: control=InsetsSourceControl: {4de40000 mType=statusBars initiallyVisible mSurfacePosition=Point(0, 0) mInsetsHint=Insets{left=0, top=80, right=0, bottom=0}}, target=Window{b295f2c u0 Splash Screen com.dibay.app}, from=com.android.server.wm.InsetsStateController.onControlTargetChanged:82 com.android.server.wm.InsetsPolicy.updateBarControlTarget:203 com.android.server.wm.DisplayPolicy.updateSystemBarAttributes:439 com.android.server.wm.DisplayPolicy.finishPostLayoutPolicyLw:17 com.android.server.wm.RootWindowContainer.applySurfaceChangesTransaction$1:188 
09-30 22:13:38.614  1813  3919 D InsetsSourceProvider: updateControlForTarget: control=InsetsSourceControl: {e43a0001 mType=navigationBars initiallyVisible mSurfacePosition=Point(0, 2205) mInsetsHint=Insets{left=0, top=0, right=0, bottom=135}}, target=Window{b295f2c u0 Splash Screen com.dibay.app}, from=com.android.server.wm.InsetsStateController.onControlTargetChanged:82 com.android.server.wm.InsetsPolicy.updateBarControlTarget:216 com.android.server.wm.DisplayPolicy.updateSystemBarAttributes:439 com.android.server.wm.DisplayPolicy.finishPostLayoutPolicyLw:17 com.android.server.wm.RootWindowContainer.applySurfaceChangesTransaction$1:188 
09-30 22:13:38.615  1813  3919 D WindowManager: updateSystemBarAttributes: displayId=0, focusedCanBeNavColorWin=false, win=Window{b295f2c u0 Splash Screen com.dibay.app}, navColorWin=Window{b295f2c u0 Splash Screen com.dibay.app}, caller=com.android.server.wm.DisplayPolicy.finishPostLayoutPolicyLw:17 com.android.server.wm.RootWindowContainer.applySurfaceChangesTransaction$1:188 com.android.server.wm.RootWindowContainer.performSurfacePlacement:59 
09-30 22:13:38.678  2625  2712 I InsetsSourceConsumer: applyRequestedVisibilityToControl: visible=true, type=statusBars, host=Splash Screen com.dibay.app
09-30 22:13:38.679  2625  2712 I InsetsSourceConsumer: applyRequestedVisibilityToControl: visible=true, type=navigationBars, host=Splash Screen com.dibay.app
09-30 22:13:38.825  1813  3030 D WindowManager: updateSystemBarAttributes: displayId=0, focusedCanBeNavColorWin=false, win=Window{2623cb3 u0 com.dibay.app/com.dibay.app.MainActivity}, navColorWin=Window{b295f2c u0 Splash Screen com.dibay.app}, caller=com.android.server.wm.WindowManagerService.updateFocusedWindowLocked:358 com.android.server.wm.WindowManagerService.relayoutWindow:1350 com.android.server.wm.Session.relayout:30 
09-30 22:13:40.213 28980 28980 I DIBAY_WebView: webview_console_message level=LOG line=1 source=https://samarket.vercel.app/_next/static/chunks/5dcc2a0fb2f92e7d.js msg=[startup-api-plan] [object Object]
09-30 22:13:40.213 28980 28980 I Capacitor/Console: File: https://samarket.vercel.app/_next/static/chunks/5dcc2a0fb2f92e7d.js - Line 1 - Msg: [startup-api-plan] [object Object]
09-30 22:13:40.913 28980 29067 I DibayStartupSession: intro_delivery reason=DOWNLOADED_COMMITTED canRender=true
09-30 22:13:40.988 28980 28980 I DibayStartupCompositor: HOME_PRESENTATION_READY forwarded source=DibayBootBridge
09-30 22:13:40.988 28980 28980 I DIBAY_WebView: dismissSplash start bridge_js
09-30 22:13:40.998 28980 28980 I DIBAY_WebView: dismissSplash start bridge_js
09-30 22:13:40.998 28980 28980 I DIBAY_WebView: dismissSplash visual_state_wait requestId=286885511
09-30 22:13:41.098 28980 28980 I DIBAY_WebView: dismissSplash visual_state_ready requestId=286885511
09-30 22:13:41.098 28980 28980 I DIBAY_WebView: dismissSplash success source=DibayBootBridge
09-30 22:13:41.111 28980 28980 I DIBAY_WebView: webview_console_message level=LOG line=348 source= msg=%cnative %cSplashScreen.hide (#24727572) font-weight: lighter; color: gray font-weight: bold; color: #000
09-30 22:13:41.129 28980 28980 V Capacitor/Plugin: To native (Capacitor plugin): callbackId: 24727572, pluginId: SplashScreen, methodName: hide
09-30 22:13:41.129 28980 28980 V Capacitor: callback: 24727572, pluginId: SplashScreen, methodName: hide, methodData: {}
09-30 22:13:41.139 28980 28980 I DIBAY_WebView: webview_console_message level=LOG line=328 source= msg=%cresult %cSplashScreen.hide (#24727572) font-style: italic; font-weight: lighter; color: gray font-style: italic; font-weight: bold; color: #444
09-30 22:13:41.140 28980 28980 W DIBAY_WebView: webview_console_message level=WARNING line=1 source=https://samarket.vercel.app/_next/static/chunks/14efaf833bc30e7d.js msg=[dibay-boot] dismissSplash reason=initialDestinationVisualReady ok=true detail=bridge+capacitor
09-30 22:13:41.140 28980 28980 W Capacitor/Console: File: https://samarket.vercel.app/_next/static/chunks/14efaf833bc30e7d.js - Line 1 - Msg: [dibay-boot] dismissSplash reason=initialDestinationVisualReady ok=true detail=bridge+capacitor
09-30 22:13:41.140 28980 28980 W DIBAY_WebView: webview_console_message level=WARNING line=1 source=https://samarket.vercel.app/_next/static/chunks/14efaf833bc30e7d.js msg=[dibay-boot] dismissSplash reason=initialDestinationVisualReady ok=true detail=bridge
09-30 22:13:41.140 28980 28980 W Capacitor/Console: File: https://samarket.vercel.app/_next/static/chunks/14efaf833bc30e7d.js - Line 1 - Msg: [dibay-boot] dismissSplash reason=initialDestinationVisualReady ok=true detail=bridge
09-30 22:13:41.433 28980 29065 I DIBAY_WebView: persistStartupConfig ignored bytes=846
09-30 22:13:41.666 28980 29067 I DibayStartupSession: envelope_absent_on_live authority=
09-30 22:13:41.678 28980 28980 I DibayStartupSession: compositor_skipped reason=no_owner_envelope
09-30 22:13:41.678 28980 28980 I DIBAY_WebView: startup_compositor_skipped reason=no_owner_envelope
09-30 22:13:41.833  1328  1328 D SurfaceFlinger:        DEVICE |           11274289153515 | 00002100 | RGBA_8888    |    0.0    0.0 1080.0 2340.0 |    0    0 1080 2340 | Splash Screen com.dibay.app$_2625#4684 (1)
09-30 22:13:41.834  1813  3919 D TaskOrganizerController: applyStartingWindowAnimation, window=Window{b295f2c u0 Splash Screen com.dibay.app}, caller=com.android.server.wm.ActivityRecord.onCopySplashScreenFinish:40 com.android.server.wm.ActivityTaskManagerService.onSplashScreenViewCopyFinished:41 android.app.IActivityTaskManager$Stub.onTransact:3414 
09-30 22:13:41.834  1813  3919 I WindowManager: Reparenting to leash, surface=Surface(name=b295f2c Splash Screen com.dibay.app#4683)/@0xd6044f5, leashParent=Surface(name=ActivityRecord{34099687 u0 com.dibay.app/.MainActivity t14998}#4682)/@0x17e328a
09-30 22:13:41.835  1328  3184 I SurfaceFlinger: id=4699 createSurf, flag=24000, Surface(name=b295f2c Splash Screen com.dibay.app#4683)/@0xd6044f5 - animation-leash of starting_reveal#4699
09-30 22:13:41.837  1813  3919 D WindowManager: makeSurface duration=2 leash=Surface(name=Surface(name=b295f2c Splash Screen com.dibay.app#4683)/@0xd6044f5 - animation-leash of starting_reveal#4699)/@0x6ddc0fb
09-30 22:13:41.841  1328  1328 I SurfaceFlinger: [LayerHierarchy{RequestedLayerState{b295f2c Splash Screen com.dibay.app#4683 parentId=4699 z=2147483647} 1 children}] reparent to LayerHierarchy{RequestedLayerState{Surface(name=b295f2c Splash Screen com.dibay.app#4683)/@0xd6044f5 - animation-leash of starting_reveal#4699 parentId=4682} 1 children}
09-30 22:13:41.841  1328  1328 I SurfaceFlinger: [Surface(name=b295f2c Splash Screen com.dibay.app#4683)/@0xd6044f5 - animation-leash of starting_reveal#4699] attach to parent LayerHierarchy{RequestedLayerState{ActivityRecord{34099687 u0 com.dibay.app/.MainActivity t14998}#4682 parentId=4681} 3 children}
09-30 22:13:42.007  1328  1328 I SurfaceFlinger: RequestedLayer [Surface(name=b295f2c Splash Screen c[...]mation-leash of starting_reveal#4699] hidden!! flag  from(0) --> to(1)
09-30 22:13:42.010  1813  3030 V WindowManager: Schedule remove starting ActivityRecord{34099687 u0 com.dibay.app/.MainActivity t14998} startingWindow=Window{b295f2c u0 Splash Screen com.dibay.app} animate=false Callers=com.android.server.wm.ActivityClientController.splashScreenAttached:46 android.app.IActivityClientController$Stub.onTransact:1515 com.android.server.wm.ActivityClientController.onTransact:1 android.os.Binder.execTransactInternal:1514 android.os.Binder.execTransact:1454 
